// Jest Snapshot v1, https://goo.gl/fbAQLP

exports[`Itinerary should render correctly 1`] = `Array []`;
